// Jest Snapshot v1, https://goo.gl/fbAQLP

exports[`Renders a RepositoryAdd button 1`] = `
<div
  className="RepositoryAdd"
>
  <button
    onClick={[Function]}
  >
    <IconPlus />
  </button>
</div>
`;
